cmd : PASS FinP2P Tests 
tests/utils/crypto.test.ts (5.993 s)
At line:1 char:1
+ cmd /c npx jest --verbose --no-coverage 
--maxWorkers=1 > test-output. ...
+ ~~~~~~~~~~~~~~~~~~~~~~~~~~~~~~~~~~~~~~~~
~~~~~~~~~~~~~~~~~~~~~~~~~~~~~
    + CategoryInfo          : NotSpecifie 
   d: (PASS FinP2P Tes...st.ts (5.993 s)  
  :String) [], RemoteException
    + FullyQualifiedErrorId : NativeComma 
   ndError
 
  CryptoUtils
    constructor and key management
      ÔêÜ should initialize with provided 
private key (292 ms)
      ÔêÜ should generate key pair when 
no private key provided (305 ms)
    sign
      ÔêÜ should sign data successfully 
(98 ms)
      ÔêÜ should produce different 
signatures for different data (87 ms)
      ÔêÜ should handle empty data (169 
ms)
    verify
      ÔêÜ should verify valid signatures 
(103 ms)
      ÔêÜ should reject invalid 
signatures (136 ms)
      ÔêÜ should verify with external 
public key (126 ms)
      ÔêÜ should reject signatures for 
different data (146 ms)
    hash
      ÔêÜ should generate consistent hash 
for same input (140 ms)
      ÔêÜ should generate different 
hashes for different inputs (71 ms)
      ÔêÜ should support different hash 
algorithms (88 ms)
      ÔêÜ should handle empty input (79 
ms)
    generateNonce
      ÔêÜ should generate unique nonces 
(77 ms)
      ÔêÜ should generate nonces of 
consistent length (170 ms)
      ÔêÜ should generate hexadecimal 
nonces (50 ms)
    generateId
      ÔêÜ should generate unique UUIDs 
(65 ms)
    generateToken
      ÔêÜ should generate secure random 
tokens (161 ms)
      ÔêÜ should generate tokens of 
specified length (74 ms)
    encrypt
      ÔêÜ should encrypt data 
successfully (68 ms)
      ÔêÜ should generate different 
encrypted data for same input with 
different keys (196 ms)
      ÔêÜ should generate different 
encrypted data on multiple calls with 
same input (57 ms)
      ÔêÜ should handle empty data (172 
ms)
    MAC operations
      ÔêÜ should create and verify MAC 
(95 ms)
      ÔêÜ should reject invalid MAC (180 
ms)
    key derivation
      ÔêÜ should derive keys consistently 
(234 ms)
      ÔêÜ should generate unique salts 
(61 ms)
    decrypt
      ÔêÜ should decrypt encrypted data 
(108 ms)
      ÔêÜ should handle empty data 
encryption/decryption (111 ms)
    generateDeterministicId
      ÔêÜ should generate consistent IDs 
for same input (103 ms)
      ÔêÜ should generate different IDs 
for different inputs (155 ms)

[31merror[39m: Failed to store confirmation record: Redis connection failed {"stack":"Error: Redis connection failed\n    at Object.<anonymous> (C:\\Users\\alexp\\Documents\\Trae\\Project-Files\\tests\\confirmation\\ConfirmationRecordManager.test.ts:106:40)\n    at Promise.then.completed (C:\\Users\\alexp\\Documents\\Trae\\Project-Files\\node_modules\\jest-circus\\build\\utils.js:298:28)\n    at new Promise (<anonymous>)\n    at callAsyncCircusFn (C:\\Users\\alexp\\Documents\\Trae\\Project-Files\\node_modules\\jest-circus\\build\\utils.js:231:10)\n    at _callCircusTest (C:\\Users\\alexp\\Documents\\Trae\\Project-Files\\node_modules\\jest-circus\\build\\run.js:316:40)\n    at _runTest (C:\\Users\\alexp\\Documents\\Trae\\Project-Files\\node_modules\\jest-circus\\build\\run.js:252:3)\n    at _runTestsForDescribeBlock (C:\\Users\\alexp\\Documents\\Trae\\Project-Files\\node_modules\\jest-circus\\build\\run.js:126:9)\n    at _runTestsForDescribeBlock (C:\\Users\\alexp\\Documents\\Trae\\Project-Files\\node_modules\\jest-circus\\build\\run.js:121:9)\n    at _runTestsForDescribeBlock (C:\\Users\\alexp\\Documents\\Trae\\Project-Files\\node_modules\\jest-circus\\build\\run.js:121:9)\n    at run (C:\\Users\\alexp\\Documents\\Trae\\Project-Files\\node_modules\\jest-circus\\build\\run.js:71:3)\n    at runAndTransformResultsToJestFormat (C:\\Users\\alexp\\Documents\\Trae\\Project-Files\\node_modules\\jest-circus\\build\\legacy-code-todo-rewrite\\jestAdapterInit.js:122:21)\n    at jestAdapter (C:\\Users\\alexp\\Documents\\Trae\\Project-Files\\node_modules\\jest-circus\\build\\legacy-code-todo-rewrite\\jestAdapter.js:79:19)\n    at runTestInternal (C:\\Users\\alexp\\Documents\\Trae\\Project-Files\\node_modules\\jest-runner\\build\\runTest.js:367:16)\n    at runTest (C:\\Users\\alexp\\Documents\\Trae\\Project-Files\\node_modules\\jest-runner\\build\\runTest.js:444:34)","timestamp":"2025-06-19 22:57:56"}
PASS FinP2P Tests tests/confirmation/Confi
rmationRecordManager.test.ts
  ConfirmationRecordManager
    Initialization
      ÔêÜ should initialize with Redis 
client and logger (11 ms)
    createConfirmationRecord
      ÔêÜ should create a new 
confirmation record (5 ms)
      ÔêÜ should handle Redis errors 
gracefully (9 ms)
    getConfirmationRecord
      ÔêÜ should retrieve existing 
confirmation record (1 ms)
      ÔêÜ should return null for 
non-existent record (1 ms)
    getUserTransactions
      ÔêÜ should retrieve all 
confirmations for a user (1 ms)
      ÔêÜ should handle empty user 
confirmation list
    getAssetTransactions
      ÔêÜ should retrieve all 
confirmations for an asset (1 ms)
    cleanup
      ÔêÜ should clean up expired records 
(1 ms)

PASS FinP2P Tests 
tests/utils/validation.test.ts
  MessageValidator
    validateTransfer
      ÔêÜ should validate correct 
transfer data (8 ms)
      ÔêÜ should reject transfer with 
missing required fields (5 ms)
      ÔêÜ should reject transfer with 
invalid amount format (1 ms)
    validateAccount
      ÔêÜ should validate a valid account 
(1 ms)
      ÔêÜ should reject account with 
missing institution id (1 ms)
      ÔêÜ should reject account with 
missing ledger id (2 ms)
    validateAsset
      ÔêÜ should validate a valid asset 
(1 ms)
      ÔêÜ should reject asset with 
missing symbol (2 ms)
      ÔêÜ should reject asset with 
invalid symbol length (1 ms)
      ÔêÜ should reject asset with 
negative decimals (1 ms)
      ÔêÜ should reject asset with 
decimals too high (2 ms)
    amount validation
      ÔêÜ should validate positive 
amounts (1 ms)
      ÔêÜ should reject negative amounts 
(1 ms)
      ÔêÜ should reject invalid amount 
formats (1 ms)
    FinID validation
      ÔêÜ should validate correct FinID 
objects (1 ms)
      ÔêÜ should reject invalid FinID 
objects (1 ms)
      ÔêÜ should reject FinID with 
missing fields (1 ms)
    input sanitization
      ÔêÜ should sanitize string inputs 
(1 ms)
      ÔêÜ should sanitize object inputs 
(2 ms)
      ÔêÜ should handle non-string inputs 
(1 ms)

PASS FinP2P Tests 
tests/utils/errors.test.ts
  Error Classes
    ValidationError
      ÔêÜ should create validation error 
with message
      ÔêÜ should create validation error 
with details (1 ms)
      ÔêÜ should have proper stack trace 
(7 ms)
    NetworkError
      ÔêÜ should create network error 
with message
      ÔêÜ should create network error 
with status code
      ÔêÜ should handle timeout scenarios
    TransferError
      ÔêÜ should create transfer error 
with message
      ÔêÜ should create transfer error 
with transaction details
      ÔêÜ should handle 
blockchain-specific errors
    SecurityError
      ÔêÜ should create security error 
with message
      ÔêÜ should create security error 
with security context (1 ms)
      ÔêÜ should handle authentication 
failures
    ConfigurationError
      ÔêÜ should create configuration 
error with message
      ÔêÜ should create configuration 
error with config details
      ÔêÜ should handle invalid 
configuration values
    TimeoutError
      ÔêÜ should create timeout error 
with message (1 ms)
      ÔêÜ should create timeout error 
with timing details
      ÔêÜ should handle different timeout 
scenarios
    InsufficientFundsError
      ÔêÜ should create insufficient 
funds error with message (1 ms)
      ÔêÜ should create insufficient 
funds error with balance details
      ÔêÜ should handle gas fee scenarios
    UnsupportedOperationError
      ÔêÜ should create unsupported 
operation error with message
      ÔêÜ should create unsupported 
operation error with operation details
      ÔêÜ should handle version 
compatibility issues (1 ms)
    Error serialization
      ÔêÜ should serialize errors to JSON
      ÔêÜ should handle errors without 
details
    Error inheritance
      ÔêÜ should maintain proper 
inheritance chain (2 ms)
      ÔêÜ should have unique error names
    Error details handling
      ÔêÜ should handle complex nested 
details
      ÔêÜ should handle undefined details 
gracefully

PASS FinP2P Tests tests/simple.test.js
  Simple Test Suite
    ÔêÜ basic math should work
    ÔêÜ string concatenation should work
    ÔêÜ array operations should work

FAIL FinP2P Tests 
tests/utils/logger.test.ts
  ÔùÅ Test suite failed to run

    [96mtests/utils/logger.test.ts[0m:[
93m16[0m:[93m22[0m - 
[91merror[0m[90m TS2554: [0mExpected 
1 arguments, but got 0.

    [7m16[0m       const logger = 
createLogger();
    [7m  [0m [91m                     
~~~~~~~~~~~~[0m

      [96msrc/utils/logger.ts[0m:[93m9
[0m:[93m30[0m
        [7m9[0m export function 
createLogger(config: LoggingConfig): 
winston.Logger {
        [7m [0m [96m                   
          ~~~~~~~~~~~~~~~~~~~~~[0m
        An argument for 'config' was not 
provided.
    [96mtests/utils/logger.test.ts[0m:[
93m33[0m:[93m9[0m - 
[91merror[0m[90m TS2353: [0mObject 
literal may only specify known 
properties, and 'format' does not exist 
in type 'LoggingConfig'.

    [7m33[0m         format: 'json',
    [7m  [0m [91m        ~~~~~~[0m

FAIL FinP2P Tests 
tests/types/types.test.ts
  ÔùÅ Test suite failed to run

    [96mtests/types/types.test.ts[0m:[9
3m11[0m:[93m3[0m - [91merror[0m[90m 
TS2305: [0mModule '"../../src/types"' 
has no exported member 'AssetAuthority'.

    [7m11[0m   AssetAuthority,
    [7m  [0m [91m  ~~~~~~~~~~~~~~[0m
    [96mtests/types/types.test.ts[0m:[9
3m12[0m:[93m3[0m - [91merror[0m[90m 
TS2305: [0mModule '"../../src/types"' 
has no exported member 
'AuthorizedTransfer'.

    [7m12[0m   AuthorizedTransfer,
    [7m  [0m [91m  
~~~~~~~~~~~~~~~~~~[0m
    [96mtests/types/types.test.ts[0m:[9
3m13[0m:[93m3[0m - [91merror[0m[90m 
TS2305: [0mModule '"../../src/types"' 
has no exported member 
'PrimaryRouterRequest'.

    [7m13[0m   PrimaryRouterRequest,
    [7m  [0m [91m  
~~~~~~~~~~~~~~~~~~~~[0m
    [96mtests/types/types.test.ts[0m:[9
3m168[0m:[93m37[0m - 
[91merror[0m[90m TS2339: [0mProperty 
'CONFIRMED' does not exist on type 
'typeof DualConfirmationStatus'.

    [7m168[0m       expect(DualConfirmat
ionStatus.CONFIRMED).toBe('confirmed');
    [7m   [0m [91m                     
               ~~~~~~~~~[0m
    [96mtests/types/types.test.ts[0m:[9
3m169[0m:[93m37[0m - 
[91merror[0m[90m TS2339: [0mProperty 
'REJECTED' does not exist on type 'typeof 
DualConfirmationStatus'.

    [7m169[0m       expect(DualConfirmat
ionStatus.REJECTED).toBe('rejected');
    [7m   [0m [91m                     
               ~~~~~~~~[0m

FAIL FinP2P Tests 
tests/unit/BalanceTracking.test.ts
  ÔùÅ Test suite failed to run

    [96mtests/unit/BalanceTracking.test.t
s[0m:[93m171[0m:[93m27[0m - 
[91merror[0m[90m TS2339: [0mProperty 
'currentBalance' does not exist on type 
'{ available: boolean; reason?: string | 
undefined; }'.

    [7m171[0m         expect(validation.
currentBalance).toBe(BigInt('1000000000000
00000000'));
    [7m   [0m [91m                     
     ~~~~~~~~~~~~~~[0m
    [96mtests/unit/BalanceTracking.test.t
s[0m:[93m172[0m:[93m27[0m - 
[91merror[0m[90m TS2339: [0mProperty 
'availableBalance' does not exist on type 
'{ available: boolean; reason?: string | 
undefined; }'.

    [7m172[0m         expect(validation.
availableBalance).toBe(BigInt('10000000000
0000000000'));
    [7m   [0m [91m                     
     ~~~~~~~~~~~~~~~~[0m

FAIL FinP2P Tests 
tests/security/SecurityValidation.test.ts
  ÔùÅ Test suite failed to run

    [96mtests/security/SecurityValidation
.test.ts[0m:[93m1[0m:[93m30[0m - 
[91merror[0m[90m TS1149: [0mFile name 
'C:/Users/alexp/Documents/Trae/Project-Fil
es/src/Router/index.ts' differs from 
already included file name 'C:/Users/alexp
/Documents/Trae/Project-Files/src/router/i
ndex.ts' only in casing.
      The file is in the program because:
        Imported via './router' from file 
'C:/Users/alexp/Documents/Trae/Project-Fil
es/src/index.ts'
        Root file specified for 
compilation
        Root file specified for 
compilation
        Imported via '../../src/Router' 
from file 'C:/Users/alexp/Documents/Trae/P
roject-Files/tests/security/SecurityValida
tion.test.ts'

    [7m1[0m import { FinP2PRouter } 
from '../../src/Router';
    [7m [0m [91m                       
      ~~~~~~~~~~~~~~~~~~[0m

      [96msrc/index.ts[0m:[93m191[0m:
[93m15[0m
        [7m191[0m export * from 
'./router';
        [7m   [0m [96m              
~~~~~~~~~~[0m
        File is included via import here.
    [96mtests/security/SecurityValidation
.test.ts[0m:[93m38[0m:[93m42[0m - 
[91merror[0m[90m TS2353: [0mObject 
literal may only specify known 
properties, and 'network' does not exist 
in type 'MockAdapterConfig'.

    [7m38[0m       ledgerAdapters: [new 
MockAdapter({ network: 'testnet' }, 
logger)],
    [7m  [0m [91m                      
                   ~~~~~~~[0m
    [96mtests/security/SecurityValidation
.test.ts[0m:[93m39[0m:[93m7[0m - 
[91merror[0m[90m TS2739: [0mType '{ 
options: RedisOptions; status: 
RedisStatus; stream: NetStream; 
isCluster: boolean; condition: Condition 
| null; commandQueue: Denque<...>; ... 
351 more ...; multi: MockInstance<...>; } 
& Redis' is missing the following 
properties from type '{ url: string; 
keyPrefix: string; ttl: number; }': url, 
keyPrefix

    [7m39[0m       redis: mockRedis,
    [7m  [0m [91m      ~~~~~[0m

      [96msrc/types/index.ts[0m:[93m241
[0m:[93m3[0m
        [7m241[0m   redis: {
        [7m   [0m [96m  ~~~~~[0m
        The expected type comes from 
property 'redis' which is declared here 
on type 'ConfigOptions'
    [96mtests/security/SecurityValidation
.test.ts[0m:[93m43[0m:[93m9[0m - 
[91merror[0m[90m TS2353: [0mObject 
literal may only specify known 
properties, and 'rateLimiting' does not 
exist in type '{ enableAuth: boolean; 
jwtSecret: string; encryptionKey: string; 
rateLimitWindow: number; rateLimitMax: 
number; }'.

    [7m43[0m         rateLimiting: {
    [7m  [0m [91m        
~~~~~~~~~~~~[0m

      [96msrc/types/index.ts[0m:[93m252
[0m:[93m3[0m
        [7m252[0m   security: {
        [7m   [0m [96m  ~~~~~~~~[0m
        The expected type comes from 
property 'security' which is declared 
here on type 'ConfigOptions'
    [96mtests/security/SecurityValidation
.test.ts[0m:[93m79[0m:[93m40[0m - 
[91merror[0m[90m TS2339: [0mProperty 
'validateAuthToken' does not exist on 
type 'FinP2PRouter'.

    [7m79[0m       const validResult = 
await 
router.validateAuthToken(validToken);
    [7m  [0m [91m                      
                 ~~~~~~~~~~~~~~~~~[0m
    [96mtests/security/SecurityValidation
.test.ts[0m:[93m84[0m:[93m42[0m - 
[91merror[0m[90m TS2339: [0mProperty 
'validateAuthToken' does not exist on 
type 'FinP2PRouter'.

    [7m84[0m       const invalidResult 
= await 
router.validateAuthToken(invalidToken);
    [7m  [0m [91m                      
                   ~~~~~~~~~~~~~~~~~[0m
    [96mtests/security/SecurityValidation
.test.ts[0m:[93m111[0m:[93m41[0m - 
[91merror[0m[90m TS2339: [0mProperty 
'checkPermission' does not exist on type 
'FinP2PRouter'.

    [7m111[0m       const transferAuth 
= await 
router.checkPermission(transferToken, 
'transfer');
    [7m   [0m [91m                     
                   ~~~~~~~~~~~~~~~[0m
    [96mtests/security/SecurityValidation
.test.ts[0m:[93m115[0m:[93m42[0m - 
[91merror[0m[90m TS2339: [0mProperty 
'checkPermission' does not exist on type 
'FinP2PRouter'.

    [7m115[0m       const adminAuthFail 
= await 
router.checkPermission(transferToken, 
'admin');
    [7m   [0m [91m                     
                    ~~~~~~~~~~~~~~~[0m
    [96mtests/security/SecurityValidation
.test.ts[0m:[93m119[0m:[93m45[0m - 
[91merror[0m[90m TS2339: [0mProperty 
'checkPermission' does not exist on type 
'FinP2PRouter'.

    [7m119[0m       const 
adminAuthSuccess = await 
router.checkPermission(adminToken, 
'admin');
    [7m   [0m [91m                     
                       ~~~~~~~~~~~~~~~[0m
    [96mtests/security/SecurityValidation
.test.ts[0m:[93m135[0m:[93m35[0m - 
[91merror[0m[90m TS2339: [0mProperty 
'validateAuthToken' does not exist on 
type 'FinP2PRouter'.

    [7m135[0m       const result = 
await 
router.validateAuthToken(expiredToken);
    [7m   [0m [91m                     
             ~~~~~~~~~~~~~~~~~[0m
    [96mtests/security/SecurityValidation
.test.ts[0m:[93m190[0m:[93m34[0m - 
[91merror[0m[90m TS2339: [0mProperty 
'sanitizeInput' does not exist on type 
'FinP2PRouter'.

    [7m190[0m         const sanitized = 
router.sanitizeInput(input);
    [7m   [0m [91m                     
            ~~~~~~~~~~~~~[0m
    [96mtests/security/SecurityValidation
.test.ts[0m:[93m215[0m:[93m23[0m - 
[91merror[0m[90m TS2339: [0mProperty 
'validateAccountId' does not exist on 
type 'FinP2PRouter'.

    [7m215[0m         expect(router.vali
dateAccountId(id)).toBe(true);
    [7m   [0m [91m                     
 ~~~~~~~~~~~~~~~~~[0m
    [96mtests/security/SecurityValidation
.test.ts[0m:[93m219[0m:[93m23[0m - 
[91merror[0m[90m TS2339: [0mProperty 
'validateAccountId' does not exist on 
type 'FinP2PRouter'.

    [7m219[0m         expect(router.vali
dateAccountId(id)).toBe(false);
    [7m   [0m [91m                     
 ~~~~~~~~~~~~~~~~~[0m
    [96mtests/security/SecurityValidation
.test.ts[0m:[93m244[0m:[93m30[0m - 
[91merror[0m[90m TS2339: [0mProperty 
'checkRateLimit' does not exist on type 
'FinP2PRouter'.

    [7m244[0m         requests.push(rout
er.checkRateLimit(clientId));
    [7m   [0m [91m                     
        ~~~~~~~~~~~~~~[0m
    [96mtests/security/SecurityValidation
.test.ts[0m:[93m252[0m:[93m46[0m - 
[91merror[0m[90m TS2339: [0mProperty 
'checkRateLimit' does not exist on type 
'FinP2PRouter'.

    [7m252[0m       const 
rateLimitedResult = await 
router.checkRateLimit(clientId);
    [7m   [0m [91m                     
                        ~~~~~~~~~~~~~~[0m
    [96mtests/security/SecurityValidation
.test.ts[0m:[93m258[0m:[93m13[0m - 
[91merror[0m[90m TS7034: [0mVariable 
'requests' implicitly has type 'any[]' in 
some locations where its type cannot be 
determined.

    [7m258[0m       const requests = [];
    [7m   [0m [91m            
~~~~~~~~[0m
    [96mtests/security/SecurityValidation
.test.ts[0m:[93m263[0m:[93m32[0m - 
[91merror[0m[90m TS2339: [0mProperty 
'checkRateLimit' does not exist on type 
'FinP2PRouter'.

    [7m263[0m           requests.push(ro
uter.checkRateLimit(clientId));
    [7m   [0m [91m                     
          ~~~~~~~~~~~~~~[0m
    [96mtests/security/SecurityValidation
.test.ts[0m:[93m267[0m:[93m41[0m - 
[91merror[0m[90m TS7005: [0mVariable 
'requests' implicitly has an 'any[]' type.

    [7m267[0m       const results = 
await Promise.all(requests);
    [7m   [0m [91m                     
                   ~~~~~~~~[0m
    [96mtests/security/SecurityValidation
.test.ts[0m:[93m294[0m:[93m37[0m - 
[91merror[0m[90m TS2339: [0mProperty 
'calculateRateLimitPenalty' does not 
exist on type 'FinP2PRouter'.

    [7m294[0m       const penalty1 = 
await router.calculateRateLimitPenalty(cli
entId);
    [7m   [0m [91m                     
               
~~~~~~~~~~~~~~~~~~~~~~~~~[0m
    [96mtests/security/SecurityValidation
.test.ts[0m:[93m299[0m:[93m37[0m - 
[91merror[0m[90m TS2339: [0mProperty 
'calculateRateLimitPenalty' does not 
exist on type 'FinP2PRouter'.

    [7m299[0m       const penalty2 = 
await router.calculateRateLimitPenalty(cli
entId);
    [7m   [0m [91m                     
               
~~~~~~~~~~~~~~~~~~~~~~~~~[0m
    [96mtests/security/SecurityValidation
.test.ts[0m:[93m304[0m:[93m37[0m - 
[91merror[0m[90m TS2339: [0mProperty 
'calculateRateLimitPenalty' does not 
exist on type 'FinP2PRouter'.

    [7m304[0m       const penalty3 = 
await router.calculateRateLimitPenalty(cli
entId);
    [7m   [0m [91m                     
               
~~~~~~~~~~~~~~~~~~~~~~~~~[0m
    [96mtests/security/SecurityValidation
.test.ts[0m:[93m352[0m:[93m9[0m - 
[91merror[0m[90m TS2345: [0mArgument 
of type 'KeyObject' is not assignable to 
parameter of type 'string | 
Promise<string | null> | null'.

    [7m352[0m         
crypto.generateKeyPairSync('rsa', { 
modulusLength: 2048 }).publicKey
    [7m   [0m [91m        ~~~~~~~~~~~~~
~~~~~~~~~~~~~~~~~~~~~~~~~~~~~~~~~~~~~~~~~~
~~~~~~~~~~~~~[0m
    [96mtests/security/SecurityValidation
.test.ts[0m:[93m384[0m:[93m36[0m - 
[91merror[0m[90m TS2339: [0mProperty 
'verifyMessageTimestamp' does not exist 
on type 'FinP2PRouter'.

    [7m384[0m       const isValid = 
await router.verifyMessageTimestamp(expire
dMessage, 5 * 60 * 1000); // 5 minute 
tolerance
    [7m   [0m [91m                     
              ~~~~~~~~~~~~~~~~~~~~~~[0m
    [96mtests/security/SecurityValidation
.test.ts[0m:[93m401[0m:[93m38[0m - 
[91merror[0m[90m TS2339: [0mProperty 
'encryptSensitiveData' does not exist on 
type 'FinP2PRouter'.

    [7m401[0m       const encrypted = 
await router.encryptSensitiveData(sensitiv
eData);
    [7m   [0m [91m                     
                ~~~~~~~~~~~~~~~~~~~~[0m
    [96mtests/security/SecurityValidation
.test.ts[0m:[93m415[0m:[93m38[0m - 
[91merror[0m[90m TS2339: [0mProperty 
'encryptSensitiveData' does not exist on 
type 'FinP2PRouter'.

    [7m415[0m       const encrypted = 
await 
router.encryptSensitiveData(originalData);
    [7m   [0m [91m                     
                ~~~~~~~~~~~~~~~~~~~~[0m
    [96mtests/security/SecurityValidation
.test.ts[0m:[93m416[0m:[93m38[0m - 
[91merror[0m[90m TS2339: [0mProperty 
'decryptSensitiveData' does not exist on 
type 'FinP2PRouter'.

    [7m416[0m       const decrypted = 
await 
router.decryptSensitiveData(encrypted);
    [7m   [0m [91m                     
                ~~~~~~~~~~~~~~~~~~~~[0m
    [96mtests/security/SecurityValidation
.test.ts[0m:[93m423[0m:[93m38[0m - 
[91merror[0m[90m TS2339: [0mProperty 
'encryptSensitiveData' does not exist on 
type 'FinP2PRouter'.

    [7m423[0m       const encrypted = 
await 
router.encryptSensitiveData(originalData);
    [7m   [0m [91m                     
                ~~~~~~~~~~~~~~~~~~~~[0m
    [96mtests/security/SecurityValidation
.test.ts[0m:[93m431[0m:[93m27[0m - 
[91merror[0m[90m TS2339: [0mProperty 
'decryptSensitiveData' does not exist on 
type 'FinP2PRouter'.

    [7m431[0m       await expect(router.
decryptSensitiveData(tamperedEncrypted))
    [7m   [0m [91m                     
     ~~~~~~~~~~~~~~~~~~~~[0m
    [96mtests/security/SecurityValidation
.test.ts[0m:[93m445[0m:[93m20[0m - 
[91merror[0m[90m TS2339: [0mProperty 
'logSecurityEvent' does not exist on type 
'FinP2PRouter'.

    [7m445[0m       await router.logSecu
rityEvent('AUTHENTICATION_FAILURE', {
    [7m   [0m [91m                   
~~~~~~~~~~~~~~~~[0m
    [96mtests/security/SecurityValidation
.test.ts[0m:[93m489[0m:[93m13[0m - 
[91merror[0m[90m TS7034: [0mVariable 
'auditEntries' implicitly has type 
'any[]' in some locations where its type 
cannot be determined.

    [7m489[0m       const auditEntries 
= [];
    [7m   [0m [91m            
~~~~~~~~~~~~[0m
    [96mtests/security/SecurityValidation
.test.ts[0m:[93m492[0m:[93m26[0m - 
[91merror[0m[90m TS2769: [0mNo 
overload matches this call.
      Overload 1 of 3, '(object: 
FinP2PRouter, method: never): 
SpyInstance<never, never, any>', gave the 
following error.
        Argument of type 'string' is not 
assignable to parameter of type 'never'.
      Overload 2 of 3, '(object: 
FinP2PRouter, method: keyof 
FinP2PRouter): SpyInstance<any, [] | 
[error: Error, event: string | symbol, 
...args: any[]] | [eventName: string | 
symbol, listener: (...args: any[]) => 
void] | ... 19 more ... | [signedMessage: 
...], any>', gave the following error.
        Argument of type 
'"storeAuditEntry"' is not assignable to 
parameter of type 'keyof FinP2PRouter'.

    [7m492[0m       jest.spyOn(router, '
storeAuditEntry').mockImplementation((entr
y) => {
    [7m   [0m [91m                     
    ~~~~~~~~~~~~~~~~~[0m

    [96mtests/security/SecurityValidation
.test.ts[0m:[93m492[0m:[93m45[0m - 
[91merror[0m[90m TS2339: [0mProperty 
'mockImplementation' does not exist on 
type 'never'.

    [7m492[0m       jest.spyOn(router, '
storeAuditEntry').mockImplementation((entr
y) => {
    [7m   [0m [91m                     
                       
~~~~~~~~~~~~~~~~~~[0m
    [96mtests/security/SecurityValidation
.test.ts[0m:[93m492[0m:[93m65[0m - 
[91merror[0m[90m TS7006: [0mParameter 
'entry' implicitly has an 'any' type.

    [7m492[0m       jest.spyOn(router, '
storeAuditEntry').mockImplementation((entr
y) => {
    [7m   [0m [91m                     
                                          
 ~~~~~[0m
    [96mtests/security/SecurityValidation
.test.ts[0m:[93m498[0m:[93m20[0m - 
[91merror[0m[90m TS2339: [0mProperty 
'logSecurityEvent' does not exist on type 
'FinP2PRouter'.

    [7m498[0m       await 
router.logSecurityEvent('LOGIN', { 
userId: 'user1' });
    [7m   [0m [91m                   
~~~~~~~~~~~~~~~~[0m
    [96mtests/security/SecurityValidation
.test.ts[0m:[93m499[0m:[93m20[0m - 
[91merror[0m[90m TS2339: [0mProperty 
'logSecurityEvent' does not exist on type 
'FinP2PRouter'.

    [7m499[0m       await 
router.logSecurityEvent('TRANSFER', { 
transferId: 'tx1' });
    [7m   [0m [91m                   
~~~~~~~~~~~~~~~~[0m
    [96mtests/security/SecurityValidation
.test.ts[0m:[93m500[0m:[93m20[0m - 
[91merror[0m[90m TS2339: [0mProperty 
'logSecurityEvent' does not exist on type 
'FinP2PRouter'.

    [7m500[0m       await 
router.logSecurityEvent('LOGOUT', { 
userId: 'user1' });
    [7m   [0m [91m                   
~~~~~~~~~~~~~~~~[0m
    [96mtests/security/SecurityValidation
.test.ts[0m:[93m502[0m:[93m14[0m - 
[91merror[0m[90m TS7005: [0mVariable 
'auditEntries' implicitly has an 'any[]' 
type.

    [7m502[0m       
expect(auditEntries).toHaveLength(3);
    [7m   [0m [91m             
~~~~~~~~~~~~[0m
    [96mtests/security/SecurityValidation
.test.ts[0m:[93m506[0m:[93m16[0m - 
[91merror[0m[90m TS7005: [0mVariable 
'auditEntries' implicitly has an 'any[]' 
type.

    [7m506[0m         
expect(auditEntries[i].timestamp >= 
auditEntries[i-1].timestamp).toBe(true);
    [7m   [0m [91m               
~~~~~~~~~~~~[0m
    [96mtests/security/SecurityValidation
.test.ts[0m:[93m506[0m:[93m45[0m - 
[91merror[0m[90m TS7005: [0mVariable 
'auditEntries' implicitly has an 'any[]' 
type.

    [7m506[0m         
expect(auditEntries[i].timestamp >= 
auditEntries[i-1].timestamp).toBe(true);
    [7m   [0m [91m                     
                       ~~~~~~~~~~~~[0m
    [96mtests/security/SecurityValidation
.test.ts[0m:[93m510[0m:[93m7[0m - 
[91merror[0m[90m TS7005: [0mVariable 
'auditEntries' implicitly has an 'any[]' 
type.

    [7m510[0m       
auditEntries.forEach(entry => {
    [7m   [0m [91m      
~~~~~~~~~~~~[0m
    [96mtests/security/SecurityValidation
.test.ts[0m:[93m526[0m:[93m32[0m - 
[91merror[0m[90m TS2339: [0mProperty 
'sanitizeInput' does not exist on type 
'FinP2PRouter'.

    [7m526[0m       const sanitized = 
router.sanitizeInput(maliciousInput);
    [7m   [0m [91m                     
          ~~~~~~~~~~~~~[0m
    [96mtests/security/SecurityValidation
.test.ts[0m:[93m540[0m:[93m34[0m - 
[91merror[0m[90m TS2339: [0mProperty 
'sanitizePath' does not exist on type 
'FinP2PRouter'.

    [7m540[0m         const sanitized = 
router.sanitizePath(path);
    [7m   [0m [91m                     
            ~~~~~~~~~~~~[0m
    [96mtests/security/SecurityValidation
.test.ts[0m:[93m556[0m:[93m34[0m - 
[91merror[0m[90m TS2339: [0mProperty 
'validateFileUpload' does not exist on 
type 'FinP2PRouter'.

    [7m556[0m         const isAllowed = 
router.validateFileUpload(file);
    [7m   [0m [91m                     
            ~~~~~~~~~~~~~~~~~~[0m
    [96mtests/security/SecurityValidation
.test.ts[0m:[93m562[0m:[93m32[0m - 
[91merror[0m[90m TS2339: [0mProperty 
'validateFileUpload' does not exist on 
type 'FinP2PRouter'.

    [7m562[0m       const isAllowed = 
router.validateFileUpload(allowedFile);
    [7m   [0m [91m                     
          ~~~~~~~~~~~~~~~~~~[0m

FAIL FinP2P Tests 
tests/router/Router.test.ts
  ÔùÅ Test suite failed to run

    [96msrc/router/LedgerManager.ts[0m:
[93m77[0m:[93m11[0m - 
[91merror[0m[90m TS2741: [0mProperty 
'getBalanceHistory' is missing in type 
'SuiAdapter' but required in type 
'LedgerAdapter'.

    [7m77[0m           return new 
SuiAdapter(config.config as 
SuiAdapterConfig, this.logger);
    [7m  [0m [91m          ~~~~~~[0m

      [96msrc/types/index.ts[0m:[93m180
[0m:[93m3[0m
        [7m180[0m   
getBalanceHistory(accountId: string): 
Array<{ timestamp: Date; assetId: string; 
balance: bigint; operation: string }>;
        [7m   [0m [96m  ~~~~~~~~~~~~~~~
~~~~~~~~~~~~~~~~~~~~~~~~~~~~~~~~~~~~~~~~~~
~~~~~~~~~~~~~~~~~~~~~~~~~~~~~~~~~~~~~~~~~~
~~~~~~~~~~~~~~~~~~~[0m
        'getBalanceHistory' is declared 
here.
    [96msrc/router/LedgerManager.ts[0m:
[93m80[0m:[93m11[0m - 
[91merror[0m[90m TS2741: [0mProperty 
'getBalanceHistory' is missing in type 
'HederaAdapter' but required in type 
'LedgerAdapter'.

    [7m80[0m           return new 
HederaAdapter(config.config as 
HederaAdapterConfig, this.logger);
    [7m  [0m [91m          ~~~~~~[0m

      [96msrc/types/index.ts[0m:[93m180
[0m:[93m3[0m
        [7m180[0m   
getBalanceHistory(accountId: string): 
Array<{ timestamp: Date; assetId: string; 
balance: bigint; operation: string }>;
        [7m   [0m [96m  ~~~~~~~~~~~~~~~
~~~~~~~~~~~~~~~~~~~~~~~~~~~~~~~~~~~~~~~~~~
~~~~~~~~~~~~~~~~~~~~~~~~~~~~~~~~~~~~~~~~~~
~~~~~~~~~~~~~~~~~~~[0m
        'getBalanceHistory' is declared 
here.

FAIL FinP2P Tests tests/integration/Router
Integration.test.ts
  ÔùÅ Test suite failed to run

    [96mtests/integration/RouterIntegrati
on.test.ts[0m:[93m126[0m:[93m27[0m - 
[91merror[0m[90m TS18047: 
[0m'mockAdapter1' is possibly 'null'.

    [7m126[0m       const asset = await 
mockAdapter1.createAsset({
    [7m   [0m [91m                     
     ~~~~~~~~~~~~[0m
    [96mtests/integration/RouterIntegrati
on.test.ts[0m:[93m126[0m:[93m52[0m - 
[91merror[0m[90m TS2345: [0mArgument 
of type '{ symbol: string; name: string; 
decimals: number; totalSupply: bigint; }' 
is not assignable to parameter of type 
'Omit<Asset, "id" | "createdAt" | 
"updatedAt">'.
      Type '{ symbol: string; name: 
string; decimals: number; totalSupply: 
bigint; }' is missing the following 
properties from type 'Omit<Asset, "id" | 
"createdAt" | "updatedAt">': finId, 
ledgerId, metadata

    [7m126[0m       const asset = await 
mockAdapter1.createAsset({
    [7m   [0m [91m                     
                              ~[0m
    [7m127[0m         symbol: 'INTTEST',
    [7m   [0m 
[91m~~~~~~~~~~~~~~~~~~~~~~~~~~[0m
    [7m...[0m 
    [7m130[0m         totalSupply: 
BigInt('1000000000000000000000000')
    [7m   [0m [91m~~~~~~~~~~~~~~~~~~~~~
~~~~~~~~~~~~~~~~~~~~~~~~~~~~~~~~~~~[0m
    [7m131[0m       });
    [7m   [0m [91m~~~~~~~[0m
    [96mtests/integration/RouterIntegrati
on.test.ts[0m:[93m137[0m:[93m29[0m - 
[91merror[0m[90m TS2339: [0mProperty 
'id' does not exist on type 'Account'.

    [7m137[0m       account1Id = 
account1.id;
    [7m   [0m [91m                     
       ~~[0m
    [96mtests/integration/RouterIntegrati
on.test.ts[0m:[93m138[0m:[93m29[0m - 
[91merror[0m[90m TS2339: [0mProperty 
'id' does not exist on type 'Account'.

    [7m138[0m       account2Id = 
account2.id;
    [7m   [0m [91m                     
       ~~[0m
    [96mtests/integration/RouterIntegrati
on.test.ts[0m:[93m141[0m:[93m13[0m - 
[91merror[0m[90m TS18047: 
[0m'mockAdapter1' is possibly 'null'.

    [7m141[0m       await 
mockAdapter1.mintTokens(account1Id, 
testAssetId, 
BigInt('200000000000000000000')); // 200 
tokens
    [7m   [0m [91m            
~~~~~~~~~~~~[0m
    [96mtests/integration/RouterIntegrati
on.test.ts[0m:[93m141[0m:[93m26[0m - 
[91merror[0m[90m TS2339: [0mProperty 
'mintTokens' does not exist on type 
'LedgerAdapter'.

    [7m141[0m       await 
mockAdapter1.mintTokens(account1Id, 
testAssetId, 
BigInt('200000000000000000000')); // 200 
tokens
    [7m   [0m [91m                     
    ~~~~~~~~~~[0m
    [96mtests/integration/RouterIntegrati
on.test.ts[0m:[93m145[0m:[93m13[0m - 
[91merror[0m[90m TS18047: 
[0m'mockAdapter2' is possibly 'null'.

    [7m145[0m       await 
mockAdapter2.createAsset({
    [7m   [0m [91m            
~~~~~~~~~~~~[0m
    [96mtests/integration/RouterIntegrati
on.test.ts[0m:[93m145[0m:[93m38[0m - 
[91merror[0m[90m TS2345: [0mArgument 
of type '{ symbol: string; name: string; 
decimals: number; totalSupply: bigint; }' 
is not assignable to parameter of type 
'Omit<Asset, "id" | "createdAt" | 
"updatedAt">'.
      Type '{ symbol: string; name: 
string; decimals: number; totalSupply: 
bigint; }' is missing the following 
properties from type 'Omit<Asset, "id" | 
"createdAt" | "updatedAt">': finId, 
ledgerId, metadata

    [7m145[0m       await 
mockAdapter2.createAsset({
    [7m   [0m [91m                     
                ~[0m
    [7m146[0m         symbol: 'INTTEST',
    [7m   [0m 
[91m~~~~~~~~~~~~~~~~~~~~~~~~~~[0m
    [7m...[0m 
    [7m149[0m         totalSupply: 
BigInt('1000000000000000000000000')
    [7m   [0m [91m~~~~~~~~~~~~~~~~~~~~~
~~~~~~~~~~~~~~~~~~~~~~~~~~~~~~~~~~~[0m
    [7m150[0m       });
    [7m   [0m [91m~~~~~~~[0m
    [96mtests/integration/RouterIntegrati
on.test.ts[0m:[93m151[0m:[93m13[0m - 
[91merror[0m[90m TS18047: 
[0m'mockAdapter2' is possibly 'null'.

    [7m151[0m       await 
mockAdapter2.mintTokens(account2Id, 
testAssetId, 
BigInt('100000000000000000000')); // 100 
tokens
    [7m   [0m [91m            
~~~~~~~~~~~~[0m
    [96mtests/integration/RouterIntegrati
on.test.ts[0m:[93m151[0m:[93m26[0m - 
[91merror[0m[90m TS2339: [0mProperty 
'mintTokens' does not exist on type 
'LedgerAdapter'.

    [7m151[0m       await 
mockAdapter2.mintTokens(account2Id, 
testAssetId, 
BigInt('100000000000000000000')); // 100 
tokens
    [7m   [0m [91m                     
    ~~~~~~~~~~[0m
    [96mtests/integration/RouterIntegrati
on.test.ts[0m:[93m167[0m:[93m26[0m - 
[91merror[0m[90m TS2339: [0mProperty 
'currentBalance' does not exist on type 
'{ available: boolean; reason?: string | 
undefined; }'.

    [7m167[0m       expect(validation1.c
urrentBalance).toBe(BigInt('20000000000000
0000000'));
    [7m   [0m [91m                     
    ~~~~~~~~~~~~~~[0m
    [96mtests/integration/RouterIntegrati
on.test.ts[0m:[93m178[0m:[93m26[0m - 
[91merror[0m[90m TS2339: [0mProperty 
'currentBalance' does not exist on type 
'{ available: boolean; reason?: string | 
undefined; }'.

    [7m178[0m       expect(validation2.c
urrentBalance).toBe(BigInt('10000000000000
0000000'));
    [7m   [0m [91m                     
    ~~~~~~~~~~~~~~[0m
    [96mtests/integration/RouterIntegrati
on.test.ts[0m:[93m226[0m:[93m30[0m - 
[91merror[0m[90m TS18047: 
[0m'mockAdapter1' is possibly 'null'.

    [7m226[0m       const 
initialHistory = mockAdapter1.getBalanceHi
story(account1Id);
    [7m   [0m [91m                     
        ~~~~~~~~~~~~[0m
    [96mtests/integration/RouterIntegrati
on.test.ts[0m:[93m249[0m:[93m13[0m - 
[91merror[0m[90m TS18047: 
[0m'mockAdapter1' is possibly 'null'.

    [7m249[0m       await 
mockAdapter1.transfer(
    [7m   [0m [91m            
~~~~~~~~~~~~[0m
    [96mtests/integration/RouterIntegrati
on.test.ts[0m:[93m257[0m:[93m30[0m - 
[91merror[0m[90m TS18047: 
[0m'mockAdapter1' is possibly 'null'.

    [7m257[0m       const 
updatedHistory = mockAdapter1.getBalanceHi
story(account1Id);
    [7m   [0m [91m                     
        ~~~~~~~~~~~~[0m
    [96mtests/integration/RouterIntegrati
on.test.ts[0m:[93m271[0m:[93m13[0m - 
[91merror[0m[90m TS18047: 
[0m'mockAdapter3' is possibly 'null'.

    [7m271[0m       await 
mockAdapter3.createAsset({
    [7m   [0m [91m            
~~~~~~~~~~~~[0m
    [96mtests/integration/RouterIntegrati
on.test.ts[0m:[93m271[0m:[93m38[0m - 
[91merror[0m[90m TS2345: [0mArgument 
of type '{ symbol: string; name: string; 
decimals: number; totalSupply: bigint; }' 
is not assignable to parameter of type 
'Omit<Asset, "id" | "createdAt" | 
"updatedAt">'.
      Type '{ symbol: string; name: 
string; decimals: number; totalSupply: 
bigint; }' is missing the following 
properties from type 'Omit<Asset, "id" | 
"createdAt" | "updatedAt">': finId, 
ledgerId, metadata

    [7m271[0m       await 
mockAdapter3.createAsset({
    [7m   [0m [91m                     
                ~[0m
    [7m272[0m         symbol: 'INTTEST',
    [7m   [0m 
[91m~~~~~~~~~~~~~~~~~~~~~~~~~~[0m
    [7m...[0m 
    [7m275[0m         totalSupply: 
BigInt('1000000000000000000000000')
    [7m   [0m [91m~~~~~~~~~~~~~~~~~~~~~
~~~~~~~~~~~~~~~~~~~~~~~~~~~~~~~~~~~[0m
    [7m276[0m       });
    [7m   [0m [91m~~~~~~~[0m
    [96mtests/integration/RouterIntegrati
on.test.ts[0m:[93m277[0m:[93m13[0m - 
[91merror[0m[90m TS18047: 
[0m'mockAdapter3' is possibly 'null'.

    [7m277[0m       await 
mockAdapter3.mintTokens(account3.id, 
testAssetId, 
BigInt('75000000000000000000')); // 75 
tokens
    [7m   [0m [91m            
~~~~~~~~~~~~[0m
    [96mtests/integration/RouterIntegrati
on.test.ts[0m:[93m277[0m:[93m26[0m - 
[91merror[0m[90m TS2339: [0mProperty 
'mintTokens' does not exist on type 
'LedgerAdapter'.

    [7m277[0m       await 
mockAdapter3.mintTokens(account3.id, 
testAssetId, 
BigInt('75000000000000000000')); // 75 
tokens
    [7m   [0m [91m                     
    ~~~~~~~~~~[0m
    [96mtests/integration/RouterIntegrati
on.test.ts[0m:[93m277[0m:[93m46[0m - 
[91merror[0m[90m TS2339: [0mProperty 
'id' does not exist on type 'Account'.

    [7m277[0m       await 
mockAdapter3.mintTokens(account3.id, 
testAssetId, 
BigInt('75000000000000000000')); // 75 
tokens
    [7m   [0m [91m                     
                        ~~[0m
    [96mtests/integration/RouterIntegrati
on.test.ts[0m:[93m283[0m:[93m56[0m - 
[91merror[0m[90m TS2339: [0mProperty 
'id' does not exist on type 'Account'.

    [7m283[0m         
ledgerManager3.reserveBalance('mock', 
account3.id, testAssetId, 
BigInt('20000000000000000000'))
    [7m   [0m [91m                     
                                  ~~[0m
    [96mtests/integration/RouterIntegrati
on.test.ts[0m:[93m324[0m:[93m7[0m - 
[91merror[0m[90m TS18047: 
[0m'mockAdapter1' is possibly 'null'.

    [7m324[0m       mockAdapter1.simulat
eNetworkPartition(true);
    [7m   [0m [91m      
~~~~~~~~~~~~[0m
    [96mtests/integration/RouterIntegrati
on.test.ts[0m:[93m324[0m:[93m20[0m - 
[91merror[0m[90m TS2339: [0mProperty 
'simulateNetworkPartition' does not exist 
on type 'LedgerAdapter'.

    [7m324[0m       mockAdapter1.simulat
eNetworkPartition(true);
    [7m   [0m [91m                   
~~~~~~~~~~~~~~~~~~~~~~~~[0m
    [96mtests/integration/RouterIntegrati
on.test.ts[0m:[93m332[0m:[93m7[0m - 
[91merror[0m[90m TS18047: 
[0m'mockAdapter1' is possibly 'null'.

    [7m332[0m       mockAdapter1.simulat
eNetworkPartition(false);
    [7m   [0m [91m      
~~~~~~~~~~~~[0m
    [96mtests/integration/RouterIntegrati
on.test.ts[0m:[93m332[0m:[93m20[0m - 
[91merror[0m[90m TS2339: [0mProperty 
'simulateNetworkPartition' does not exist 
on type 'LedgerAdapter'.

    [7m332[0m       mockAdapter1.simulat
eNetworkPartition(false);
    [7m   [0m [91m                   
~~~~~~~~~~~~~~~~~~~~~~~~[0m
    [96mtests/integration/RouterIntegrati
on.test.ts[0m:[93m345[0m:[93m13[0m - 
[91merror[0m[90m TS18047: 
[0m'mockAdapter1' is possibly 'null'.

    [7m345[0m       await mockAdapter1.s
imulateBalanceReconciliation(
    [7m   [0m [91m            
~~~~~~~~~~~~[0m
    [96mtests/integration/RouterIntegrati
on.test.ts[0m:[93m345[0m:[93m26[0m - 
[91merror[0m[90m TS2339: [0mProperty 
'simulateBalanceReconciliation' does not 
exist on type 'LedgerAdapter'.

    [7m345[0m       await mockAdapter1.s
imulateBalanceReconciliation(
    [7m   [0m [91m                     
    ~~~~~~~~~~~~~~~~~~~~~~~~~~~~~[0m
    [96mtests/integration/RouterIntegrati
on.test.ts[0m:[93m351[0m:[93m23[0m - 
[91merror[0m[90m TS18047: 
[0m'mockAdapter1' is possibly 'null'.

    [7m351[0m       const history = mock
Adapter1.getBalanceHistory(account1Id);
    [7m   [0m [91m                     
 ~~~~~~~~~~~~[0m

FAIL FinP2P Tests tests/confirmation/Paral
lelConfirmationProcessor.test.ts
  ÔùÅ Test suite failed to run

    [96mtests/confirmation/ParallelConfir
mationProcessor.test.ts[0m:[93m1[0m:[9
3m47[0m - [91merror[0m[90m TS2307: 
[0mCannot find module '../../src/confirma
tion/ParallelConfirmationProcessor' or 
its corresponding type declarations.

    [7m1[0m import { 
ParallelConfirmationProcessor } from '../.
./src/confirmation/ParallelConfirmationPro
cessor';
    [7m [0m [91m                       
                       ~~~~~~~~~~~~~~~~~~~
~~~~~~~~~~~~~~~~~~~~~~~~~~~~~~~~~~~[0m
    [96mtests/confirmation/ParallelConfir
mationProcessor.test.ts[0m:[93m2[0m:[9
3m43[0m - [91merror[0m[90m TS2307: 
[0mCannot find module '../../src/confirma
tion/ConfirmationRecordManager' or its 
corresponding type declarations.

    [7m2[0m import { 
ConfirmationRecordManager } from '../../sr
c/confirmation/ConfirmationRecordManager';
    [7m [0m [91m                       
                   ~~~~~~~~~~~~~~~~~~~~~~~
~~~~~~~~~~~~~~~~~~~~~~~~~~~[0m
    [96mtests/confirmation/ParallelConfir
mationProcessor.test.ts[0m:[93m79[0m:[
93m7[0m - [91merror[0m[90m TS2322: 
[0mType 'string' is not assignable to 
type 'FinID'.

    [7m79[0m       fromAccount: 
'account-1',
    [7m  [0m [91m      ~~~~~~~~~~~[0m

      [96msrc/types/index.ts[0m:[93m63
[0m:[93m3[0m
        [7m63[0m   fromAccount: FinID;
        [7m  [0m [96m  ~~~~~~~~~~~[0m
        The expected type comes from 
property 'fromAccount' which is declared 
here on type 'Transfer'
    [96mtests/confirmation/ParallelConfir
mationProcessor.test.ts[0m:[93m80[0m:[
93m7[0m - [91merror[0m[90m TS2322: 
[0mType 'string' is not assignable to 
type 'FinID'.

    [7m80[0m       toAccount: 
'account-2',
    [7m  [0m [91m      ~~~~~~~~~[0m

      [96msrc/types/index.ts[0m:[93m64
[0m:[93m3[0m
        [7m64[0m   toAccount: FinID;
        [7m  [0m [96m  ~~~~~~~~~[0m
        The expected type comes from 
property 'toAccount' which is declared 
here on type 'Transfer'
    [96mtests/confirmation/ParallelConfir
mationProcessor.test.ts[0m:[93m81[0m:[
93m7[0m - [91merror[0m[90m TS2322: 
[0mType 'string' is not assignable to 
type 'FinID'.

    [7m81[0m       asset: 'asset-1',
    [7m  [0m [91m      ~~~~~[0m

      [96msrc/types/index.ts[0m:[93m65
[0m:[93m3[0m
        [7m65[0m   asset: FinID;
        [7m  [0m [96m  ~~~~~[0m
        The expected type comes from 
property 'asset' which is declared here 
on type 'Transfer'
    [96mtests/confirmation/ParallelConfir
mationProcessor.test.ts[0m:[93m85[0m:[
93m19[0m - [91merror[0m[90m TS2353: 
[0mObject literal may only specify known 
properties, and 'priority' does not exist 
in type 'TransferMetadata'.

    [7m85[0m       metadata: { 
priority: 'high' }
    [7m  [0m [91m                  
~~~~~~~~[0m

      [96msrc/types/index.ts[0m:[93m69
[0m:[93m3[0m
        [7m69[0m   metadata: 
TransferMetadata;
        [7m  [0m [96m  ~~~~~~~~[0m
        The expected type comes from 
property 'metadata' which is declared 
here on type 'Transfer'
    [96mtests/confirmation/ParallelConfir
mationProcessor.test.ts[0m:[93m367[0m:
[93m3[0m - [91merror[0m[90m TS2322: 
[0mType 'string' is not assignable to 
type 'FinID'.

    [7m367[0m   fromAccount: 
'account-1',
    [7m   [0m [91m  ~~~~~~~~~~~[0m

      [96msrc/types/index.ts[0m:[93m63
[0m:[93m3[0m
        [7m63[0m   fromAccount: FinID;
        [7m  [0m [96m  ~~~~~~~~~~~[0m
        The expected type comes from 
property 'fromAccount' which is declared 
here on type 'Transfer'
    [96mtests/confirmation/ParallelConfir
mationProcessor.test.ts[0m:[93m368[0m:
[93m3[0m - [91merror[0m[90m TS2322: 
[0mType 'string' is not assignable to 
type 'FinID'.

    [7m368[0m   toAccount: 'account-2',
    [7m   [0m [91m  ~~~~~~~~~[0m

      [96msrc/types/index.ts[0m:[93m64
[0m:[93m3[0m
        [7m64[0m   toAccount: FinID;
        [7m  [0m [96m  ~~~~~~~~~[0m
        The expected type comes from 
property 'toAccount' which is declared 
here on type 'Transfer'
    [96mtests/confirmation/ParallelConfir
mationProcessor.test.ts[0m:[93m369[0m:
[93m3[0m - [91merror[0m[90m TS2322: 
[0mType 'string' is not assignable to 
type 'FinID'.

    [7m369[0m   asset: 'asset-1',
    [7m   [0m [91m  ~~~~~[0m

      [96msrc/types/index.ts[0m:[93m65
[0m:[93m3[0m
        [7m65[0m   asset: FinID;
        [7m  [0m [96m  ~~~~~[0m
        The expected type comes from 
property 'asset' which is declared here 
on type 'Transfer'
    [96mtests/confirmation/ParallelConfir
mationProcessor.test.ts[0m:[93m373[0m:
[93m15[0m - [91merror[0m[90m TS2353: 
[0mObject literal may only specify known 
properties, and 'priority' does not exist 
in type 'TransferMetadata'.

    [7m373[0m   metadata: { priority: 
'medium' }
    [7m   [0m [91m              
~~~~~~~~[0m

      [96msrc/types/index.ts[0m:[93m69
[0m:[93m3[0m
        [7m69[0m   metadata: 
TransferMetadata;
        [7m  [0m [96m  ~~~~~~~~[0m
        The expected type comes from 
property 'metadata' which is declared 
here on type 'Transfer'

FAIL FinP2P Tests 
tests/adapters/SuiAdapter.test.ts
  ÔùÅ Test suite failed to run

    [96msrc/adapters/SuiAdapter.ts[0m:[
93m25[0m:[93m14[0m - 
[91merror[0m[90m TS2420: [0mClass 
'SuiAdapter' incorrectly implements 
interface 'LedgerAdapter'.
      Property 'getBalanceHistory' is 
missing in type 'SuiAdapter' but required 
in type 'LedgerAdapter'.

    [7m25[0m export class SuiAdapter 
implements LedgerAdapter {
    [7m  [0m [91m             
~~~~~~~~~~[0m

      [96msrc/types/index.ts[0m:[93m180
[0m:[93m3[0m
        [7m180[0m   
getBalanceHistory(accountId: string): 
Array<{ timestamp: Date; assetId: string; 
balance: bigint; operation: string }>;
        [7m   [0m [96m  ~~~~~~~~~~~~~~~
~~~~~~~~~~~~~~~~~~~~~~~~~~~~~~~~~~~~~~~~~~
~~~~~~~~~~~~~~~~~~~~~~~~~~~~~~~~~~~~~~~~~~
~~~~~~~~~~~~~~~~~~~[0m
        'getBalanceHistory' is declared 
here.

FAIL FinP2P Tests 
tests/adapters/HederaAdapter.test.ts
  ÔùÅ Test suite failed to run

    [96msrc/adapters/HederaAdapter.ts[0m
:[93m39[0m:[93m14[0m - 
[91merror[0m[90m TS2420: [0mClass 
'HederaAdapter' incorrectly implements 
interface 'LedgerAdapter'.
      Property 'getBalanceHistory' is 
missing in type 'HederaAdapter' but 
required in type 'LedgerAdapter'.

    [7m39[0m export class HederaAdapter 
implements LedgerAdapter {
    [7m  [0m [91m             
~~~~~~~~~~~~~[0m

      [96msrc/types/index.ts[0m:[93m180
[0m:[93m3[0m
        [7m180[0m   
getBalanceHistory(accountId: string): 
Array<{ timestamp: Date; assetId: string; 
balance: bigint; operation: string }>;
        [7m   [0m [96m  ~~~~~~~~~~~~~~~
~~~~~~~~~~~~~~~~~~~~~~~~~~~~~~~~~~~~~~~~~~
~~~~~~~~~~~~~~~~~~~~~~~~~~~~~~~~~~~~~~~~~~
~~~~~~~~~~~~~~~~~~~[0m
        'getBalanceHistory' is declared 
here.

FAIL FinP2P Tests 
tests/primary-router-authority.test.js
  ÔùÅ Test suite failed to run

    Cannot find module 'chai' from 
'tests/primary-router-authority.test.js'

    [0m [90m 12 |[39m [90m */[39m
     [90m 13 |[39m
    [31m[1m>[22m[39m[90m 14 |[39m 
[36mconst[39m { expect } [33m=[39m 
require([32m'chai'[39m)[33m;[39m
     [90m    |[39m                    
[31m[1m^[22m[39m
     [90m 15 |[39m [36mconst[39m 
sinon [33m=[39m 
require([32m'sinon'[39m)[33m;[39m
     [90m 16 |[39m [36mconst[39m 
[33mPrimaryRouterAuthority[39m 
[33m=[39m require([32m'../src/router/Pr
imaryRouterAuthority'[39m)[33m;[39m
     [90m 17 |[39m [36mconst[39m 
[33mConfirmationRecordManager[39m 
[33m=[39m require([32m'../src/router/Co
nfirmationRecordManager'[39m)[33m;[39m
[0m

      at Resolver._throwModNotFoundError (
node_modules/jest-resolve/build/resolver.j
s:427:11)
      at Object.<anonymous> (tests/primary
-router-authority.test.js:14:20)

FAIL FinP2P Tests 
tests/test-redis-jest.test.ts
  ÔùÅ Test suite failed to run

    [96msrc/router/LedgerManager.ts[0m:
[93m77[0m:[93m11[0m - 
[91merror[0m[90m TS2741: [0mProperty 
'getBalanceHistory' is missing in type 
'SuiAdapter' but required in type 
'LedgerAdapter'.

    [7m77[0m           return new 
SuiAdapter(config.config as 
SuiAdapterConfig, this.logger);
    [7m  [0m [91m          ~~~~~~[0m

      [96msrc/types/index.ts[0m:[93m180
[0m:[93m3[0m
        [7m180[0m   
getBalanceHistory(accountId: string): 
Array<{ timestamp: Date; assetId: string; 
balance: bigint; operation: string }>;
        [7m   [0m [96m  ~~~~~~~~~~~~~~~
~~~~~~~~~~~~~~~~~~~~~~~~~~~~~~~~~~~~~~~~~~
~~~~~~~~~~~~~~~~~~~~~~~~~~~~~~~~~~~~~~~~~~
~~~~~~~~~~~~~~~~~~~[0m
        'getBalanceHistory' is declared 
here.
    [96msrc/router/LedgerManager.ts[0m:
[93m80[0m:[93m11[0m - 
[91merror[0m[90m TS2741: [0mProperty 
'getBalanceHistory' is missing in type 
'HederaAdapter' but required in type 
'LedgerAdapter'.

    [7m80[0m           return new 
HederaAdapter(config.config as 
HederaAdapterConfig, this.logger);
    [7m  [0m [91m          ~~~~~~[0m

      [96msrc/types/index.ts[0m:[93m180
[0m:[93m3[0m
        [7m180[0m   
getBalanceHistory(accountId: string): 
Array<{ timestamp: Date; assetId: string; 
balance: bigint; operation: string }>;
        [7m   [0m [96m  ~~~~~~~~~~~~~~~
~~~~~~~~~~~~~~~~~~~~~~~~~~~~~~~~~~~~~~~~~~
~~~~~~~~~~~~~~~~~~~~~~~~~~~~~~~~~~~~~~~~~~
~~~~~~~~~~~~~~~~~~~[0m
        'getBalanceHistory' is declared 
here.

Test Suites: 11 failed, 5 passed, 16 total
Tests:       93 passed, 93 total
Snapshots:   0 total
Time:        11.203 s
Ran all test suites.
